// Jest Snapshot v1, https://goo.gl/fbAQLP

exports[`Event Card should render correctly and create a snapshot 1`] = `
<DocumentFragment>
  <div
    class="card"
    data-testid="event-card"
  >
    <div
      class="card--image"
    >
      <img
        alt=""
        src="https://i.ibb.co/Hx0gKgH/karaoke-2.jpg"
      />
    </div>
    <div
      class="card--description"
    >
      <h2>
        Karaoke Contest
      </h2>
      <p>
        Get ready to belt out your favorite tunes and show off your vocal skills at the Karaoke Contest! Whether you're a seasoned singer or a first-time performer, this is your chance to take center stage and shine. With a wide selection of songs to choose from, you can sing your heart out and compete for the grand prize. So warm up those vocal cords, gather your friends, and get ready for a night of music, laughter, and karaoke fun!
      </p>
      <br />
      <br />
      <p>
        Venue: Old Town Pub, Chicago, IL, USA
      </p>
      <p>
        Date: 2023-03-21T02:00:00.000Z
      </p>
    </div>
    <div
      class="card--footer"
    >
      <p>
        âœ… Registered
      </p>
      <p />
      <i
        class="far fa-bookmark"
      />
    </div>
  </div>
</DocumentFragment>
`;
